main.c:105:1:__io_putchar	16	static
main.c:109:6:HAL_ADC_ConvCpltCallback	16	static
main.c:124:6:HAL_TIM_PeriodElapsedCallback	16	static
main.c:141:6:mode	40	static
main.c:400:5:main	16	static
main.c:595:6:SystemClock_Config	88	static
main.c:639:13:MX_ADC1_Init	24	static
main.c:785:13:MX_I2C1_Init	8	static
main.c:819:13:MX_SPI3_Init	8	static
main.c:857:13:MX_TIM1_Init	80	static
main.c:922:13:MX_TIM2_Init	48	static
main.c:975:13:MX_TIM3_Init	56	static
main.c:1024:13:MX_TIM4_Init	56	static
main.c:1073:13:MX_TIM6_Init	16	static
main.c:1111:13:MX_TIM8_Init	80	static
main.c:1176:13:MX_USART6_UART_Init	8	static
main.c:1207:13:MX_DMA_Init	16	static
main.c:1225:13:MX_GPIO_Init	48	static
main.c:1304:6:Error_Handler	4	static,ignoring_inline_asm
