main.c:105:1:__io_putchar	16	static
main.c:109:6:HAL_ADC_ConvCpltCallback	16	static
main.c:124:6:HAL_TIM_PeriodElapsedCallback	16	static
main.c:142:6:mode	32	static
main.c:348:5:main	16	static
main.c:541:6:SystemClock_Config	88	static
main.c:585:13:MX_ADC1_Init	24	static
main.c:731:13:MX_I2C1_Init	8	static
main.c:765:13:MX_SPI3_Init	8	static
main.c:803:13:MX_TIM1_Init	80	static
main.c:868:13:MX_TIM2_Init	48	static
main.c:921:13:MX_TIM3_Init	56	static
main.c:970:13:MX_TIM4_Init	56	static
main.c:1019:13:MX_TIM6_Init	16	static
main.c:1057:13:MX_TIM8_Init	80	static
main.c:1122:13:MX_USART6_UART_Init	8	static
main.c:1153:13:MX_DMA_Init	16	static
main.c:1171:13:MX_GPIO_Init	48	static
main.c:1250:6:Error_Handler	4	static,ignoring_inline_asm
